// Jest Snapshot v1, https://goo.gl/fbAQLP

exports[`Image renders with default type 1`] = `
<img
  alt="test"
  src="/assets/images/test.png"
/>
`;
